// Jest Snapshot v1, https://goo.gl/fbAQLP

exports[`custom 1`] = `
"(function webpackUniversalModuleDefinition(root, factory) {
	if(typeof exports === 'object' && typeof module === 'object')
		module.exports = factory();
	else if(typeof define === 'function' && define.amd)
		define([], factory);
	else if(typeof exports === 'object')
		exports[\\"MyLibrary\\"] = factory();
	else
		root[\\"MyLibrary\\"] = factory();
})(window, function() {
return /******/ (function(modules) { // webpackBootstrap
/******/ 	// The module cache
/******/ 	var installedModules = {};
/******/
/******/ 	// The require function
/******/ 	function __webpack_require__(moduleId) {
/******/
/******/ 		// Check if module is in cache
/******/ 		if(installedModules[moduleId]) {
/******/ 			return installedModules[moduleId].exports;
/******/ 		}
/******/ 		// Create a new module (and put it into the cache)
/******/ 		var module = installedModules[moduleId] = {
/******/ 			i: moduleId,
/******/ 			l: false,
/******/ 			exports: {}
/******/ 		};
/******/
/******/ 		// Execute the module function
/******/ 		modules[moduleId].call(module.exports, module, module.exports, __webpack_require__);
/******/
/******/ 		// Flag the module as loaded
/******/ 		module.l = true;
/******/
/******/ 		// Return the exports of the module
/******/ 		return module.exports;
/******/ 	}
/******/
/******/
/******/ 	// expose the modules object (__webpack_modules__)
/******/ 	__webpack_require__.m = modules;
/******/
/******/ 	// expose the module cache
/******/ 	__webpack_require__.c = installedModules;
/******/
/******/ 	// define getter function for harmony exports
/******/ 	__webpack_require__.d = function(exports, name, getter) {
/******/ 		if(!__webpack_require__.o(exports, name)) {
/******/ 			Object.defineProperty(exports, name, {
/******/ 				configurable: false,
/******/ 				enumerable: true,
/******/ 				get: getter
/******/ 			});
/******/ 		}
/******/ 	};
/******/
/******/ 	// define __esModule on exports
/******/ 	__webpack_require__.r = function(exports) {
/******/ 		Object.defineProperty(exports, '__esModule', { value: true });
/******/ 	};
/******/
/******/ 	// getDefaultExport function for compatibility with non-harmony modules
/******/ 	__webpack_require__.n = function(module) {
/******/ 		var getter = module && module.__esModule ?
/******/ 			function getDefault() { return module['default']; } :
/******/ 			function getModuleExports() { return module; };
/******/ 		__webpack_require__.d(getter, 'a', getter);
/******/ 		return getter;
/******/ 	};
/******/
/******/ 	// Object.prototype.hasOwnProperty.call
/******/ 	__webpack_require__.o = function(object, property) { return Object.prototype.hasOwnProperty.call(object, property); };
/******/
/******/ 	// __webpack_public_path__
/******/ 	__webpack_require__.p = \\"\\";
/******/
/******/
/******/ 	// Load entry module and return exports
/******/ 	return __webpack_require__(__webpack_require__.s = \\"./src/index.js\\");
/******/ })
/************************************************************************/
/******/ ({

/***/ \\"./src/index.anotherfile.js\\":
/*!**********************************!*\\\\
  !*** ./src/index.anotherfile.js ***!
  \\\\**********************************/
/*! no static exports found */
/***/ (function(module, exports, __webpack_require__) {

\\"use strict\\";


Object.defineProperty(exports, \\"__esModule\\", {
  value: true
});

exports.default = function () {};

/***/ }),

/***/ \\"./src/index.js\\":
/*!**********************!*\\\\
  !*** ./src/index.js ***!
  \\\\**********************/
/*! no static exports found */
/***/ (function(module, exports, __webpack_require__) {

\\"use strict\\";


Object.defineProperty(exports, \\"__esModule\\", {
  value: true
});

var _index = __webpack_require__(/*! ./index.anotherfile */ \\"./src/index.anotherfile.js\\");

var _index2 = _interopRequireDefault(_index);

function _interopRequireDefault(obj) { return obj && obj.__esModule ? obj : { default: obj }; }

exports.default = _index2.default;

/***/ })

/******/ });
});
//# sourceMappingURL=index.js.map"
`;

exports[`custom 2`] = `
"import something from \\"./index.anotherfile\\";
export default something;
"
`;

exports[`custom 3`] = `"{\\"version\\":3,\\"sources\\":[\\"webpack://MyLibrary/webpack/universalModuleDefinition\\",\\"webpack://MyLibrary/webpack/bootstrap\\",\\"webpack://MyLibrary/./src/index.anotherfile.js\\",\\"webpack://MyLibrary/./src/index.js\\"],\\"names\\":[],\\"mappings\\":\\"AAAA;AACA;AACA;AACA;AACA;AACA;AACA;AACA;AACA;AACA,CAAC;AACD,O;ACVA;AACA;;AAEA;AACA;;AAEA;AACA;AACA;AACA;AACA;AACA;AACA;AACA;AACA;AACA;;AAEA;AACA;;AAEA;AACA;;AAEA;AACA;AACA;;;AAGA;AACA;;AAEA;AACA;;AAEA;AACA;AACA;AACA;AACA;AACA;AACA;AACA,aAAK;AACL;AACA;;AAEA;AACA;AACA,yDAAiD,cAAc;AAC/D;;AAEA;AACA;AACA;AACA,mCAA2B,0BAA0B,EAAE;AACvD,yCAAiC,eAAe;AAChD;AACA;AACA;;AAEA;AACA,8DAAsD,+DAA+D;;AAErH;AACA;;;AAGA;AACA;;;;;;;;;;;;;;;;;;;kBCnEe,YAAM,CAAE,C;;;;;;;;;;;;;;;;;;ACAvB\\",\\"file\\":\\"index.js\\",\\"sourcesContent\\":[\\"(function webpackUniversalModuleDefinition(root, factory) {\\\\n\\\\tif(typeof exports === 'object' && typeof module === 'object')\\\\n\\\\t\\\\tmodule.exports = factory();\\\\n\\\\telse if(typeof define === 'function' && define.amd)\\\\n\\\\t\\\\tdefine([], factory);\\\\n\\\\telse if(typeof exports === 'object')\\\\n\\\\t\\\\texports[\\\\\\"MyLibrary\\\\\\"] = factory();\\\\n\\\\telse\\\\n\\\\t\\\\troot[\\\\\\"MyLibrary\\\\\\"] = factory();\\\\n})(window, function() {\\\\nreturn \\",\\" \\\\t// The module cache\\\\n \\\\tvar installedModules = {};\\\\n\\\\n \\\\t// The require function\\\\n \\\\tfunction __webpack_require__(moduleId) {\\\\n\\\\n \\\\t\\\\t// Check if module is in cache\\\\n \\\\t\\\\tif(installedModules[moduleId]) {\\\\n \\\\t\\\\t\\\\treturn installedModules[moduleId].exports;\\\\n \\\\t\\\\t}\\\\n \\\\t\\\\t// Create a new module (and put it into the cache)\\\\n \\\\t\\\\tvar module = installedModules[moduleId] = {\\\\n \\\\t\\\\t\\\\ti: moduleId,\\\\n \\\\t\\\\t\\\\tl: false,\\\\n \\\\t\\\\t\\\\texports: {}\\\\n \\\\t\\\\t};\\\\n\\\\n \\\\t\\\\t// Execute the module function\\\\n \\\\t\\\\tmodules[moduleId].call(module.exports, module, module.exports, __webpack_require__);\\\\n\\\\n \\\\t\\\\t// Flag the module as loaded\\\\n \\\\t\\\\tmodule.l = true;\\\\n\\\\n \\\\t\\\\t// Return the exports of the module\\\\n \\\\t\\\\treturn module.exports;\\\\n \\\\t}\\\\n\\\\n\\\\n \\\\t// expose the modules object (__webpack_modules__)\\\\n \\\\t__webpack_require__.m = modules;\\\\n\\\\n \\\\t// expose the module cache\\\\n \\\\t__webpack_require__.c = installedModules;\\\\n\\\\n \\\\t// define getter function for harmony exports\\\\n \\\\t__webpack_require__.d = function(exports, name, getter) {\\\\n \\\\t\\\\tif(!__webpack_require__.o(exports, name)) {\\\\n \\\\t\\\\t\\\\tObject.defineProperty(exports, name, {\\\\n \\\\t\\\\t\\\\t\\\\tconfigurable: false,\\\\n \\\\t\\\\t\\\\t\\\\tenumerable: true,\\\\n \\\\t\\\\t\\\\t\\\\tget: getter\\\\n \\\\t\\\\t\\\\t});\\\\n \\\\t\\\\t}\\\\n \\\\t};\\\\n\\\\n \\\\t// define __esModule on exports\\\\n \\\\t__webpack_require__.r = function(exports) {\\\\n \\\\t\\\\tObject.defineProperty(exports, '__esModule', { value: true });\\\\n \\\\t};\\\\n\\\\n \\\\t// getDefaultExport function for compatibility with non-harmony modules\\\\n \\\\t__webpack_require__.n = function(module) {\\\\n \\\\t\\\\tvar getter = module && module.__esModule ?\\\\n \\\\t\\\\t\\\\tfunction getDefault() { return module['default']; } :\\\\n \\\\t\\\\t\\\\tfunction getModuleExports() { return module; };\\\\n \\\\t\\\\t__webpack_require__.d(getter, 'a', getter);\\\\n \\\\t\\\\treturn getter;\\\\n \\\\t};\\\\n\\\\n \\\\t// Object.prototype.hasOwnProperty.call\\\\n \\\\t__webpack_require__.o = function(object, property) { return Object.prototype.hasOwnProperty.call(object, property); };\\\\n\\\\n \\\\t// __webpack_public_path__\\\\n \\\\t__webpack_require__.p = \\\\\\"\\\\\\";\\\\n\\\\n\\\\n \\\\t// Load entry module and return exports\\\\n \\\\treturn __webpack_require__(__webpack_require__.s = \\\\\\"./src/index.js\\\\\\");\\\\n\\",\\"export default () => {};\\\\n\\",\\"import something from \\\\\\"./index.anotherfile\\\\\\";\\\\nexport default something;\\\\n\\"],\\"sourceRoot\\":\\"\\"}"`;

exports[`custom 4`] = `
"export default () => {};
"
`;

exports[`custom 5`] = `
"module.exports =
/******/ (function(modules) { // webpackBootstrap
/******/ 	// The module cache
/******/ 	var installedModules = {};
/******/
/******/ 	// The require function
/******/ 	function __webpack_require__(moduleId) {
/******/
/******/ 		// Check if module is in cache
/******/ 		if(installedModules[moduleId]) {
/******/ 			return installedModules[moduleId].exports;
/******/ 		}
/******/ 		// Create a new module (and put it into the cache)
/******/ 		var module = installedModules[moduleId] = {
/******/ 			i: moduleId,
/******/ 			l: false,
/******/ 			exports: {}
/******/ 		};
/******/
/******/ 		// Execute the module function
/******/ 		modules[moduleId].call(module.exports, module, module.exports, __webpack_require__);
/******/
/******/ 		// Flag the module as loaded
/******/ 		module.l = true;
/******/
/******/ 		// Return the exports of the module
/******/ 		return module.exports;
/******/ 	}
/******/
/******/
/******/ 	// expose the modules object (__webpack_modules__)
/******/ 	__webpack_require__.m = modules;
/******/
/******/ 	// expose the module cache
/******/ 	__webpack_require__.c = installedModules;
/******/
/******/ 	// define getter function for harmony exports
/******/ 	__webpack_require__.d = function(exports, name, getter) {
/******/ 		if(!__webpack_require__.o(exports, name)) {
/******/ 			Object.defineProperty(exports, name, {
/******/ 				configurable: false,
/******/ 				enumerable: true,
/******/ 				get: getter
/******/ 			});
/******/ 		}
/******/ 	};
/******/
/******/ 	// define __esModule on exports
/******/ 	__webpack_require__.r = function(exports) {
/******/ 		Object.defineProperty(exports, '__esModule', { value: true });
/******/ 	};
/******/
/******/ 	// getDefaultExport function for compatibility with non-harmony modules
/******/ 	__webpack_require__.n = function(module) {
/******/ 		var getter = module && module.__esModule ?
/******/ 			function getDefault() { return module['default']; } :
/******/ 			function getModuleExports() { return module; };
/******/ 		__webpack_require__.d(getter, 'a', getter);
/******/ 		return getter;
/******/ 	};
/******/
/******/ 	// Object.prototype.hasOwnProperty.call
/******/ 	__webpack_require__.o = function(object, property) { return Object.prototype.hasOwnProperty.call(object, property); };
/******/
/******/ 	// __webpack_public_path__
/******/ 	__webpack_require__.p = \\"\\";
/******/
/******/
/******/ 	// Load entry module and return exports
/******/ 	return __webpack_require__(__webpack_require__.s = \\"./src/index.js\\");
/******/ })
/************************************************************************/
/******/ ({

/***/ \\"./src/index.anotherfile.js\\":
/*!**********************************!*\\\\
  !*** ./src/index.anotherfile.js ***!
  \\\\**********************************/
/*! no static exports found */
/***/ (function(module, exports, __webpack_require__) {

\\"use strict\\";


Object.defineProperty(exports, \\"__esModule\\", {
  value: true
});

exports.default = () => {};

/***/ }),

/***/ \\"./src/index.js\\":
/*!**********************!*\\\\
  !*** ./src/index.js ***!
  \\\\**********************/
/*! no static exports found */
/***/ (function(module, exports, __webpack_require__) {

\\"use strict\\";


Object.defineProperty(exports, \\"__esModule\\", {
  value: true
});

var _index = __webpack_require__(/*! ./index.anotherfile */ \\"./src/index.anotherfile.js\\");

var _index2 = _interopRequireDefault(_index);

function _interopRequireDefault(obj) { return obj && obj.__esModule ? obj : { default: obj }; }

exports.default = _index2.default;

/***/ })

/******/ });
//# sourceMappingURL=index.js.map"
`;

exports[`custom 6`] = `
"import something from \\"./index.anotherfile\\";
export default something;
"
`;

exports[`custom 7`] = `"{\\"version\\":3,\\"sources\\":[\\"webpack://MyLibrary/webpack/bootstrap\\",\\"webpack://MyLibrary/./src/index.anotherfile.js\\",\\"webpack://MyLibrary/./src/index.js\\"],\\"names\\":[],\\"mappings\\":\\";;AAAA;AACA;;AAEA;AACA;;AAEA;AACA;AACA;AACA;AACA;AACA;AACA;AACA;AACA;AACA;;AAEA;AACA;;AAEA;AACA;;AAEA;AACA;AACA;;;AAGA;AACA;;AAEA;AACA;;AAEA;AACA;AACA;AACA;AACA;AACA;AACA;AACA,aAAK;AACL;AACA;;AAEA;AACA;AACA,yDAAiD,cAAc;AAC/D;;AAEA;AACA;AACA;AACA,mCAA2B,0BAA0B,EAAE;AACvD,yCAAiC,eAAe;AAChD;AACA;AACA;;AAEA;AACA,8DAAsD,+DAA+D;;AAErH;AACA;;;AAGA;AACA;;;;;;;;;;;;;;;;;;;kBCnEe,MAAM,CAAE,C;;;;;;;;;;;;;;;;;;ACAvB\\",\\"file\\":\\"index.js\\",\\"sourcesContent\\":[\\" \\\\t// The module cache\\\\n \\\\tvar installedModules = {};\\\\n\\\\n \\\\t// The require function\\\\n \\\\tfunction __webpack_require__(moduleId) {\\\\n\\\\n \\\\t\\\\t// Check if module is in cache\\\\n \\\\t\\\\tif(installedModules[moduleId]) {\\\\n \\\\t\\\\t\\\\treturn installedModules[moduleId].exports;\\\\n \\\\t\\\\t}\\\\n \\\\t\\\\t// Create a new module (and put it into the cache)\\\\n \\\\t\\\\tvar module = installedModules[moduleId] = {\\\\n \\\\t\\\\t\\\\ti: moduleId,\\\\n \\\\t\\\\t\\\\tl: false,\\\\n \\\\t\\\\t\\\\texports: {}\\\\n \\\\t\\\\t};\\\\n\\\\n \\\\t\\\\t// Execute the module function\\\\n \\\\t\\\\tmodules[moduleId].call(module.exports, module, module.exports, __webpack_require__);\\\\n\\\\n \\\\t\\\\t// Flag the module as loaded\\\\n \\\\t\\\\tmodule.l = true;\\\\n\\\\n \\\\t\\\\t// Return the exports of the module\\\\n \\\\t\\\\treturn module.exports;\\\\n \\\\t}\\\\n\\\\n\\\\n \\\\t// expose the modules object (__webpack_modules__)\\\\n \\\\t__webpack_require__.m = modules;\\\\n\\\\n \\\\t// expose the module cache\\\\n \\\\t__webpack_require__.c = installedModules;\\\\n\\\\n \\\\t// define getter function for harmony exports\\\\n \\\\t__webpack_require__.d = function(exports, name, getter) {\\\\n \\\\t\\\\tif(!__webpack_require__.o(exports, name)) {\\\\n \\\\t\\\\t\\\\tObject.defineProperty(exports, name, {\\\\n \\\\t\\\\t\\\\t\\\\tconfigurable: false,\\\\n \\\\t\\\\t\\\\t\\\\tenumerable: true,\\\\n \\\\t\\\\t\\\\t\\\\tget: getter\\\\n \\\\t\\\\t\\\\t});\\\\n \\\\t\\\\t}\\\\n \\\\t};\\\\n\\\\n \\\\t// define __esModule on exports\\\\n \\\\t__webpack_require__.r = function(exports) {\\\\n \\\\t\\\\tObject.defineProperty(exports, '__esModule', { value: true });\\\\n \\\\t};\\\\n\\\\n \\\\t// getDefaultExport function for compatibility with non-harmony modules\\\\n \\\\t__webpack_require__.n = function(module) {\\\\n \\\\t\\\\tvar getter = module && module.__esModule ?\\\\n \\\\t\\\\t\\\\tfunction getDefault() { return module['default']; } :\\\\n \\\\t\\\\t\\\\tfunction getModuleExports() { return module; };\\\\n \\\\t\\\\t__webpack_require__.d(getter, 'a', getter);\\\\n \\\\t\\\\treturn getter;\\\\n \\\\t};\\\\n\\\\n \\\\t// Object.prototype.hasOwnProperty.call\\\\n \\\\t__webpack_require__.o = function(object, property) { return Object.prototype.hasOwnProperty.call(object, property); };\\\\n\\\\n \\\\t// __webpack_public_path__\\\\n \\\\t__webpack_require__.p = \\\\\\"\\\\\\";\\\\n\\\\n\\\\n \\\\t// Load entry module and return exports\\\\n \\\\treturn __webpack_require__(__webpack_require__.s = \\\\\\"./src/index.js\\\\\\");\\\\n\\",\\"export default () => {};\\\\n\\",\\"import something from \\\\\\"./index.anotherfile\\\\\\";\\\\nexport default something;\\\\n\\"],\\"sourceRoot\\":\\"\\"}"`;

exports[`custom 8`] = `
"export default () => {};
"
`;

exports[`custom 9`] = `
"(function webpackUniversalModuleDefinition(root, factory) {
	if(typeof exports === 'object' && typeof module === 'object')
		module.exports = factory();
	else if(typeof define === 'function' && define.amd)
		define([], factory);
	else if(typeof exports === 'object')
		exports[\\"MyLibrary\\"] = factory();
	else
		root[\\"MyLibrary\\"] = factory();
})(window, function() {
return /******/ (function(modules) { // webpackBootstrap
/******/ 	// The module cache
/******/ 	var installedModules = {};
/******/
/******/ 	// The require function
/******/ 	function __webpack_require__(moduleId) {
/******/
/******/ 		// Check if module is in cache
/******/ 		if(installedModules[moduleId]) {
/******/ 			return installedModules[moduleId].exports;
/******/ 		}
/******/ 		// Create a new module (and put it into the cache)
/******/ 		var module = installedModules[moduleId] = {
/******/ 			i: moduleId,
/******/ 			l: false,
/******/ 			exports: {}
/******/ 		};
/******/
/******/ 		// Execute the module function
/******/ 		modules[moduleId].call(module.exports, module, module.exports, __webpack_require__);
/******/
/******/ 		// Flag the module as loaded
/******/ 		module.l = true;
/******/
/******/ 		// Return the exports of the module
/******/ 		return module.exports;
/******/ 	}
/******/
/******/
/******/ 	// expose the modules object (__webpack_modules__)
/******/ 	__webpack_require__.m = modules;
/******/
/******/ 	// expose the module cache
/******/ 	__webpack_require__.c = installedModules;
/******/
/******/ 	// define getter function for harmony exports
/******/ 	__webpack_require__.d = function(exports, name, getter) {
/******/ 		if(!__webpack_require__.o(exports, name)) {
/******/ 			Object.defineProperty(exports, name, {
/******/ 				configurable: false,
/******/ 				enumerable: true,
/******/ 				get: getter
/******/ 			});
/******/ 		}
/******/ 	};
/******/
/******/ 	// define __esModule on exports
/******/ 	__webpack_require__.r = function(exports) {
/******/ 		Object.defineProperty(exports, '__esModule', { value: true });
/******/ 	};
/******/
/******/ 	// getDefaultExport function for compatibility with non-harmony modules
/******/ 	__webpack_require__.n = function(module) {
/******/ 		var getter = module && module.__esModule ?
/******/ 			function getDefault() { return module['default']; } :
/******/ 			function getModuleExports() { return module; };
/******/ 		__webpack_require__.d(getter, 'a', getter);
/******/ 		return getter;
/******/ 	};
/******/
/******/ 	// Object.prototype.hasOwnProperty.call
/******/ 	__webpack_require__.o = function(object, property) { return Object.prototype.hasOwnProperty.call(object, property); };
/******/
/******/ 	// __webpack_public_path__
/******/ 	__webpack_require__.p = \\"\\";
/******/
/******/
/******/ 	// Load entry module and return exports
/******/ 	return __webpack_require__(__webpack_require__.s = \\"./src/index.js\\");
/******/ })
/************************************************************************/
/******/ ({

/***/ \\"./src/index.anotherfile.js\\":
/*!**********************************!*\\\\
  !*** ./src/index.anotherfile.js ***!
  \\\\**********************************/
/*! exports provided: default */
/***/ (function(module, __webpack_exports__, __webpack_require__) {

\\"use strict\\";
__webpack_require__.r(__webpack_exports__);
/* harmony default export */ __webpack_exports__[\\"default\\"] = (function () {});

/***/ }),

/***/ \\"./src/index.js\\":
/*!**********************!*\\\\
  !*** ./src/index.js ***!
  \\\\**********************/
/*! exports provided: default */
/***/ (function(module, __webpack_exports__, __webpack_require__) {

\\"use strict\\";
__webpack_require__.r(__webpack_exports__);
/* harmony import */ var _index_anotherfile__WEBPACK_IMPORTED_MODULE_0__ = __webpack_require__(/*! ./index.anotherfile */ \\"./src/index.anotherfile.js\\");

/* harmony default export */ __webpack_exports__[\\"default\\"] = (_index_anotherfile__WEBPACK_IMPORTED_MODULE_0__[\\"default\\"]);

/***/ })

/******/ });
});
//# sourceMappingURL=index.js.map"
`;

exports[`custom 10`] = `
"import something from \\"./index.anotherfile\\";
export default something;
"
`;

exports[`custom 11`] = `"{\\"version\\":3,\\"sources\\":[\\"webpack://MyLibrary/webpack/universalModuleDefinition\\",\\"webpack://MyLibrary/webpack/bootstrap\\",\\"webpack://MyLibrary/./src/index.anotherfile.js\\",\\"webpack://MyLibrary/./src/index.js\\"],\\"names\\":[],\\"mappings\\":\\"AAAA;AACA;AACA;AACA;AACA;AACA;AACA;AACA;AACA;AACA,CAAC;AACD,O;ACVA;AACA;;AAEA;AACA;;AAEA;AACA;AACA;AACA;AACA;AACA;AACA;AACA;AACA;AACA;;AAEA;AACA;;AAEA;AACA;;AAEA;AACA;AACA;;;AAGA;AACA;;AAEA;AACA;;AAEA;AACA;AACA;AACA;AACA;AACA;AACA;AACA,aAAK;AACL;AACA;;AAEA;AACA;AACA,yDAAiD,cAAc;AAC/D;;AAEA;AACA;AACA;AACA,mCAA2B,0BAA0B,EAAE;AACvD,yCAAiC,eAAe;AAChD;AACA;AACA;;AAEA;AACA,8DAAsD,+DAA+D;;AAErH;AACA;;;AAGA;AACA;;;;;;;;;;;;;;ACnEA,+DAAe,YAAM,CAAE,CAAvB,E;;;;;;;;;;;;;;ACAA;AACA,+DAAe,0DAAf,E\\",\\"file\\":\\"index.js\\",\\"sourcesContent\\":[\\"(function webpackUniversalModuleDefinition(root, factory) {\\\\n\\\\tif(typeof exports === 'object' && typeof module === 'object')\\\\n\\\\t\\\\tmodule.exports = factory();\\\\n\\\\telse if(typeof define === 'function' && define.amd)\\\\n\\\\t\\\\tdefine([], factory);\\\\n\\\\telse if(typeof exports === 'object')\\\\n\\\\t\\\\texports[\\\\\\"MyLibrary\\\\\\"] = factory();\\\\n\\\\telse\\\\n\\\\t\\\\troot[\\\\\\"MyLibrary\\\\\\"] = factory();\\\\n})(window, function() {\\\\nreturn \\",\\" \\\\t// The module cache\\\\n \\\\tvar installedModules = {};\\\\n\\\\n \\\\t// The require function\\\\n \\\\tfunction __webpack_require__(moduleId) {\\\\n\\\\n \\\\t\\\\t// Check if module is in cache\\\\n \\\\t\\\\tif(installedModules[moduleId]) {\\\\n \\\\t\\\\t\\\\treturn installedModules[moduleId].exports;\\\\n \\\\t\\\\t}\\\\n \\\\t\\\\t// Create a new module (and put it into the cache)\\\\n \\\\t\\\\tvar module = installedModules[moduleId] = {\\\\n \\\\t\\\\t\\\\ti: moduleId,\\\\n \\\\t\\\\t\\\\tl: false,\\\\n \\\\t\\\\t\\\\texports: {}\\\\n \\\\t\\\\t};\\\\n\\\\n \\\\t\\\\t// Execute the module function\\\\n \\\\t\\\\tmodules[moduleId].call(module.exports, module, module.exports, __webpack_require__);\\\\n\\\\n \\\\t\\\\t// Flag the module as loaded\\\\n \\\\t\\\\tmodule.l = true;\\\\n\\\\n \\\\t\\\\t// Return the exports of the module\\\\n \\\\t\\\\treturn module.exports;\\\\n \\\\t}\\\\n\\\\n\\\\n \\\\t// expose the modules object (__webpack_modules__)\\\\n \\\\t__webpack_require__.m = modules;\\\\n\\\\n \\\\t// expose the module cache\\\\n \\\\t__webpack_require__.c = installedModules;\\\\n\\\\n \\\\t// define getter function for harmony exports\\\\n \\\\t__webpack_require__.d = function(exports, name, getter) {\\\\n \\\\t\\\\tif(!__webpack_require__.o(exports, name)) {\\\\n \\\\t\\\\t\\\\tObject.defineProperty(exports, name, {\\\\n \\\\t\\\\t\\\\t\\\\tconfigurable: false,\\\\n \\\\t\\\\t\\\\t\\\\tenumerable: true,\\\\n \\\\t\\\\t\\\\t\\\\tget: getter\\\\n \\\\t\\\\t\\\\t});\\\\n \\\\t\\\\t}\\\\n \\\\t};\\\\n\\\\n \\\\t// define __esModule on exports\\\\n \\\\t__webpack_require__.r = function(exports) {\\\\n \\\\t\\\\tObject.defineProperty(exports, '__esModule', { value: true });\\\\n \\\\t};\\\\n\\\\n \\\\t// getDefaultExport function for compatibility with non-harmony modules\\\\n \\\\t__webpack_require__.n = function(module) {\\\\n \\\\t\\\\tvar getter = module && module.__esModule ?\\\\n \\\\t\\\\t\\\\tfunction getDefault() { return module['default']; } :\\\\n \\\\t\\\\t\\\\tfunction getModuleExports() { return module; };\\\\n \\\\t\\\\t__webpack_require__.d(getter, 'a', getter);\\\\n \\\\t\\\\treturn getter;\\\\n \\\\t};\\\\n\\\\n \\\\t// Object.prototype.hasOwnProperty.call\\\\n \\\\t__webpack_require__.o = function(object, property) { return Object.prototype.hasOwnProperty.call(object, property); };\\\\n\\\\n \\\\t// __webpack_public_path__\\\\n \\\\t__webpack_require__.p = \\\\\\"\\\\\\";\\\\n\\\\n\\\\n \\\\t// Load entry module and return exports\\\\n \\\\treturn __webpack_require__(__webpack_require__.s = \\\\\\"./src/index.js\\\\\\");\\\\n\\",\\"export default () => {};\\\\n\\",\\"import something from \\\\\\"./index.anotherfile\\\\\\";\\\\nexport default something;\\\\n\\"],\\"sourceRoot\\":\\"\\"}"`;

exports[`custom 12`] = `
"export default () => {};
"
`;

exports[`defaults 1`] = `
"module.exports =
/******/ (function(modules) { // webpackBootstrap
/******/ 	// The module cache
/******/ 	var installedModules = {};
/******/
/******/ 	// The require function
/******/ 	function __webpack_require__(moduleId) {
/******/
/******/ 		// Check if module is in cache
/******/ 		if(installedModules[moduleId]) {
/******/ 			return installedModules[moduleId].exports;
/******/ 		}
/******/ 		// Create a new module (and put it into the cache)
/******/ 		var module = installedModules[moduleId] = {
/******/ 			i: moduleId,
/******/ 			l: false,
/******/ 			exports: {}
/******/ 		};
/******/
/******/ 		// Execute the module function
/******/ 		modules[moduleId].call(module.exports, module, module.exports, __webpack_require__);
/******/
/******/ 		// Flag the module as loaded
/******/ 		module.l = true;
/******/
/******/ 		// Return the exports of the module
/******/ 		return module.exports;
/******/ 	}
/******/
/******/
/******/ 	// expose the modules object (__webpack_modules__)
/******/ 	__webpack_require__.m = modules;
/******/
/******/ 	// expose the module cache
/******/ 	__webpack_require__.c = installedModules;
/******/
/******/ 	// define getter function for harmony exports
/******/ 	__webpack_require__.d = function(exports, name, getter) {
/******/ 		if(!__webpack_require__.o(exports, name)) {
/******/ 			Object.defineProperty(exports, name, {
/******/ 				configurable: false,
/******/ 				enumerable: true,
/******/ 				get: getter
/******/ 			});
/******/ 		}
/******/ 	};
/******/
/******/ 	// define __esModule on exports
/******/ 	__webpack_require__.r = function(exports) {
/******/ 		Object.defineProperty(exports, '__esModule', { value: true });
/******/ 	};
/******/
/******/ 	// getDefaultExport function for compatibility with non-harmony modules
/******/ 	__webpack_require__.n = function(module) {
/******/ 		var getter = module && module.__esModule ?
/******/ 			function getDefault() { return module['default']; } :
/******/ 			function getModuleExports() { return module; };
/******/ 		__webpack_require__.d(getter, 'a', getter);
/******/ 		return getter;
/******/ 	};
/******/
/******/ 	// Object.prototype.hasOwnProperty.call
/******/ 	__webpack_require__.o = function(object, property) { return Object.prototype.hasOwnProperty.call(object, property); };
/******/
/******/ 	// __webpack_public_path__
/******/ 	__webpack_require__.p = \\"\\";
/******/
/******/
/******/ 	// Load entry module and return exports
/******/ 	return __webpack_require__(__webpack_require__.s = \\"./src/index.js\\");
/******/ })
/************************************************************************/
/******/ ({

/***/ \\"./src/index.js\\":
/*!**********************!*\\\\
  !*** ./src/index.js ***!
  \\\\**********************/
/*! no static exports found */
/***/ (function(module, exports, __webpack_require__) {

\\"use strict\\";


Object.defineProperty(exports, \\"__esModule\\", {
  value: true
});

exports.default = () => {};

/***/ })

/******/ });
//# sourceMappingURL=index.js.map"
`;

exports[`defaults 2`] = `"{\\"version\\":3,\\"sources\\":[\\"webpack://Unknown/webpack/bootstrap\\",\\"webpack://Unknown/./src/index.js\\"],\\"names\\":[],\\"mappings\\":\\";;AAAA;AACA;;AAEA;AACA;;AAEA;AACA;AACA;AACA;AACA;AACA;AACA;AACA;AACA;AACA;;AAEA;AACA;;AAEA;AACA;;AAEA;AACA;AACA;;;AAGA;AACA;;AAEA;AACA;;AAEA;AACA;AACA;AACA;AACA;AACA;AACA;AACA,aAAK;AACL;AACA;;AAEA;AACA;AACA,yDAAiD,cAAc;AAC/D;;AAEA;AACA;AACA;AACA,mCAA2B,0BAA0B,EAAE;AACvD,yCAAiC,eAAe;AAChD;AACA;AACA;;AAEA;AACA,8DAAsD,+DAA+D;;AAErH;AACA;;;AAGA;AACA;;;;;;;;;;;;;;;;;;;kBCnEe,MAAM,CAAE,C\\",\\"file\\":\\"index.js\\",\\"sourcesContent\\":[\\" \\\\t// The module cache\\\\n \\\\tvar installedModules = {};\\\\n\\\\n \\\\t// The require function\\\\n \\\\tfunction __webpack_require__(moduleId) {\\\\n\\\\n \\\\t\\\\t// Check if module is in cache\\\\n \\\\t\\\\tif(installedModules[moduleId]) {\\\\n \\\\t\\\\t\\\\treturn installedModules[moduleId].exports;\\\\n \\\\t\\\\t}\\\\n \\\\t\\\\t// Create a new module (and put it into the cache)\\\\n \\\\t\\\\tvar module = installedModules[moduleId] = {\\\\n \\\\t\\\\t\\\\ti: moduleId,\\\\n \\\\t\\\\t\\\\tl: false,\\\\n \\\\t\\\\t\\\\texports: {}\\\\n \\\\t\\\\t};\\\\n\\\\n \\\\t\\\\t// Execute the module function\\\\n \\\\t\\\\tmodules[moduleId].call(module.exports, module, module.exports, __webpack_require__);\\\\n\\\\n \\\\t\\\\t// Flag the module as loaded\\\\n \\\\t\\\\tmodule.l = true;\\\\n\\\\n \\\\t\\\\t// Return the exports of the module\\\\n \\\\t\\\\treturn module.exports;\\\\n \\\\t}\\\\n\\\\n\\\\n \\\\t// expose the modules object (__webpack_modules__)\\\\n \\\\t__webpack_require__.m = modules;\\\\n\\\\n \\\\t// expose the module cache\\\\n \\\\t__webpack_require__.c = installedModules;\\\\n\\\\n \\\\t// define getter function for harmony exports\\\\n \\\\t__webpack_require__.d = function(exports, name, getter) {\\\\n \\\\t\\\\tif(!__webpack_require__.o(exports, name)) {\\\\n \\\\t\\\\t\\\\tObject.defineProperty(exports, name, {\\\\n \\\\t\\\\t\\\\t\\\\tconfigurable: false,\\\\n \\\\t\\\\t\\\\t\\\\tenumerable: true,\\\\n \\\\t\\\\t\\\\t\\\\tget: getter\\\\n \\\\t\\\\t\\\\t});\\\\n \\\\t\\\\t}\\\\n \\\\t};\\\\n\\\\n \\\\t// define __esModule on exports\\\\n \\\\t__webpack_require__.r = function(exports) {\\\\n \\\\t\\\\tObject.defineProperty(exports, '__esModule', { value: true });\\\\n \\\\t};\\\\n\\\\n \\\\t// getDefaultExport function for compatibility with non-harmony modules\\\\n \\\\t__webpack_require__.n = function(module) {\\\\n \\\\t\\\\tvar getter = module && module.__esModule ?\\\\n \\\\t\\\\t\\\\tfunction getDefault() { return module['default']; } :\\\\n \\\\t\\\\t\\\\tfunction getModuleExports() { return module; };\\\\n \\\\t\\\\t__webpack_require__.d(getter, 'a', getter);\\\\n \\\\t\\\\treturn getter;\\\\n \\\\t};\\\\n\\\\n \\\\t// Object.prototype.hasOwnProperty.call\\\\n \\\\t__webpack_require__.o = function(object, property) { return Object.prototype.hasOwnProperty.call(object, property); };\\\\n\\\\n \\\\t// __webpack_public_path__\\\\n \\\\t__webpack_require__.p = \\\\\\"\\\\\\";\\\\n\\\\n\\\\n \\\\t// Load entry module and return exports\\\\n \\\\treturn __webpack_require__(__webpack_require__.s = \\\\\\"./src/index.js\\\\\\");\\\\n\\",\\"export default () => {};\\\\n\\"],\\"sourceRoot\\":\\"\\"}"`;
